should match snapshot:
  1: |
    apiVersion: v1
    data:
      alertmanager.yaml: cmVjZWl2ZXJzOgotIG5hbWU6IGlnbm9yZQotIG5hbWU6IHBsYXRmb3JtLW5vdGlmaWNhdGlvbnMKICB3ZWJob29rX2NvbmZpZ3M6CiAgLSBodHRwX2NvbmZpZzoKICAgICAgYXV0aG9yaXphdGlvbjoKICAgICAgICBjcmVkZW50aWFsc19maWxlOiAvZXRjL2FsZXJ0bWFuYWdlci9zZWNyZXRzL3BsYXRmb3JtLXRva2VuL3Rva2VuCiAgICAgICAgdHlwZTogQmVhcmVyCiAgICB1cmw6IGh0dHBzOi8vYXBpLmFwb2xvLnVzL2FwaS92MS9ub3RpZmljYXRpb25zL2FsZXJ0LW1hbmFnZXItbm90aWZpY2F0aW9uCnJvdXRlOgogIGdyb3VwX2J5OgogIC0gYWxlcnRuYW1lCiAgZ3JvdXBfaW50ZXJ2YWw6IDVtCiAgZ3JvdXBfd2FpdDogMzBzCiAgcmVjZWl2ZXI6IHBsYXRmb3JtLW5vdGlmaWNhdGlvbnMKICByZXBlYXRfaW50ZXJ2YWw6IDRoCiAgcm91dGVzOgogIC0gY29udGludWU6IGZhbHNlCiAgICBtYXRjaGVyczoKICAgIC0gZXhwb3J0ZWRfc2VydmljZT0iZGVmYXVsdC1iYWNrZW5kQGt1YmVybmV0ZXMiCiAgICByZWNlaXZlcjogaWdub3Jl
    kind: Secret
    metadata:
      annotations:
        argocd.argoproj.io/sync-wave: "-1"
      labels:
        app: platform
        chart: platform-1.0.0
        heritage: Helm
        release: platform
      name: platform-alertmanager-config
    type: Opaque
