should match snapshot:
  1: |
    apiVersion: external-secrets.io/v1
    kind: ClusterSecretStore
    metadata:
      annotations:
        argocd.argoproj.io/sync-wave: "-29"
      labels:
        app: platform
        chart: platform-1.0.0
        heritage: Helm
        release: platform
      name: platform-vault-secret-store
    spec:
      provider:
        vault:
          auth:
            mountPath: default--jwt
            role: default--platform
          path: default--kv-v2
          server: https://vault.apolo.us
          version: v2
