should render external secrets:
  1: |
    apiVersion: external-secrets.io/v1
    kind: ExternalSecret
    metadata:
      annotations:
        argocd.argoproj.io/sync-wave: "-28"
      labels:
        app: platform
        chart: platform-1.0.0
        heritage: Helm
        release: platform
      name: platform-secrets
    spec:
      data:
        - remoteRef:
            key: clusters/test-cluster/platform
            property: token
          secretKey: platform-token
      refreshInterval: 1h
      secretStoreRef:
        kind: ClusterSecretStore
        name: platform-vault-secret-store
  2: |
    apiVersion: external-secrets.io/v1
    kind: ExternalSecret
    metadata:
      annotations:
        argocd.argoproj.io/sync-wave: "-28"
      labels:
        app: platform
        chart: platform-1.0.0
        heritage: Helm
        release: platform
      name: registry-credentials
    spec:
      dataFrom:
        - extract:
            key: clusters/test-cluster/registry
      refreshInterval: 15s
      secretStoreRef:
        kind: ClusterSecretStore
        name: platform-vault-secret-store
