should match snapshot:
  1: |
    apiVersion: argoproj.io/v1alpha1
    kind: Application
    metadata:
      annotations:
        argocd.argoproj.io/sync-wave: "-30"
      labels:
        app: platform
        chart: platform-1.0.0
        heritage: Helm
        release: platform
      name: test-cluster--external-secrets
    spec:
      destination:
        server: https://kubernetes.default.svc
      project: default
      source:
        chart: external-secrets
        helm:
          releaseName: external-secrets
          valuesObject:
            installCRDs: true
            podLabels:
              platform.apolo.us/component: external-secrets
              service: external-secrets
            priorityClassName: platform-services
            replicaCount: 1
        repoURL: https://charts.external-secrets.io
        targetRevision: 0.20.3
      syncPolicy:
        automated:
          enabled: true
          prune: false
          selfHeal: false
        managedNamespaceMetadata:
          annotations:
            argocd.argoproj.io/sync-options: Delete=false
        syncOptions:
          - CreateNamespace=true
          - PrunePropagationPolicy=foreground
