should match snapshot:
  1: |
    apiVersion: argoproj.io/v1alpha1
    kind: Application
    metadata:
      annotations:
        argocd.argoproj.io/sync-wave: "-1"
      labels:
        app: platform
        chart: platform-1.0.0
        heritage: Helm
        release: platform
      name: test-cluster--keda
    spec:
      destination:
        server: https://kubernetes.default.svc
      project: default
      source:
        chart: keda
        helm:
          releaseName: keda
          valuesObject:
            operator:
              replicaCount: 1
        repoURL: https://kedacore.github.io/charts
        targetRevision: 2.16.1
      syncPolicy:
        automated:
          enabled: true
          prune: false
          selfHeal: false
        managedNamespaceMetadata:
          annotations:
            argocd.argoproj.io/sync-options: Delete=false
        syncOptions:
          - CreateNamespace=true
          - PrunePropagationPolicy=foreground
