renders argocd application for platform-volumes chart:
  1: |
    apiVersion: argoproj.io/v1alpha1
    kind: Application
    metadata:
      annotations:
        argocd.argoproj.io/sync-wave: "-1"
      labels:
        app: platform
        chart: platform-1.0.0
        heritage: Helm
        release: platform
      name: test-cluster--platform-volumes
    spec:
      destination:
        namespace: argocd
        server: https://kubernetes.default.svc
      project: default
      source:
        chart: platform-volumes
        helm:
          releaseName: platform
        repoURL: ghcr.io/neuro-inc/helm-charts/platform-compute
        targetRevision: 1.0.0
      syncPolicy:
        automated:
          enabled: true
          prune: false
          selfHeal: false
        managedNamespaceMetadata:
          annotations:
            argocd.argoproj.io/sync-options: Delete=false
        syncOptions:
          - CreateNamespace=true
          - PrunePropagationPolicy=foreground
