should match snapshot:
  1: |
    apiVersion: argoproj.io/v1alpha1
    kind: Application
    metadata:
      labels:
        app: platform
        chart: platform-1.0.0
        heritage: Helm
        release: platform
      name: test-cluster--platform-container-runtime
    spec:
      destination:
        namespace: argocd
        server: https://kubernetes.default.svc
      project: default
      source:
        chart: platform-container-runtime
        helm:
          releaseName: platform-container-runtime
          valuesObject:
            affinity:
              nodeAffinity:
                requiredDuringSchedulingIgnoredDuringExecution:
                  nodeSelectorTerms:
                    - matchExpressions:
                        - key: platform.neuromation.io/job
                          operator: Exists
            image:
              repository: ghcr.io/neuro-inc/platformcontainerruntime
            priorityClassName: platform-services
            sentry:
              clusterName: test-cluster
              dsn: https://sentry-dsn
              sampleRate: 0.1
        repoURL: ghcr.io/neuro-inc/helm-charts
        targetRevision: '*'
      syncPolicy:
        automated:
          enabled: true
          prune: false
          selfHeal: false
        managedNamespaceMetadata:
          annotations:
            argocd.argoproj.io/sync-options: Delete=false
        syncOptions:
          - CreateNamespace=true
          - PrunePropagationPolicy=foreground
