should match snapshot:
  1: |
    apiVersion: argoproj.io/v1alpha1
    kind: Application
    metadata:
      labels:
        app: platform
        chart: platform-1.0.0
        heritage: Helm
        release: platform
      name: platform-monitoring
    spec:
      destination:
        namespace: platform
        server: https://kubernetes.default.svc
      project: default
      source:
        chart: platform-monitoring
        helm:
          valuesObject:
            fullnameOverride: platform-monitoring
            image:
              repository: ghcr.io/neuro-inc/monitoringapi
            ingress:
              enabled: true
              hosts:
                - test-cluster.org.apolo.us
              ingressClassName: traefik
            kubeletPort: 10250
            logs:
              persistence:
                loki:
                  archiveDelay: 5
                  endpoint: http://loki-read.platform:3100
                  retentionPeriodS: 2592000
                type: loki
            nameOverride: platform-monitoring
            nodeLabels:
              nodePool: platform.neuromation.io/nodepool
            platform:
              apiUrl: https://api.apolo.us
              appsUrl: https://api.apolo.us
              authUrl: https://api.apolo.us
              clusterName: test-cluster
              configUrl: https://api.apolo.us
              registryUrl: registry.test-cluster.org.apolo.us
              token:
                valueFrom:
                  secretKeyRef:
                    key: token
                    name: platform-token
            priorityClassName: platform-service
            securityContext:
              enabled: true
            sentry:
              clusterName: test-cluster
              dsn: https://sentry-dsn
              sampleRate: 0.1
            service:
              annotations:
                traefik.ingress.kubernetes.io/service.sticky.cookie: "true"
                traefik.ingress.kubernetes.io/service.sticky.cookie.name: NEURO_MONITORINGAPI_SESSION
        repoURL: oci://ghcr.io/neuro-inc/helm-charts
        targetRevision: '*'
      syncPolicy:
        automated:
          enabled: true
          prune: false
          selfHeal: false
        managedNamespaceMetadata:
          annotations:
            argocd.argoproj.io/sync-options: Delete=false
        syncOptions:
          - CreateNamespace=true
          - PrunePropagationPolicy=foreground
