should match snapshot:
  1: |
    apiVersion: argoproj.io/v1alpha1
    kind: Application
    metadata:
      labels:
        app: platform
        chart: platform-1.0.0
        heritage: Helm
        release: platform
      name: test-cluster--postgres-operator
    spec:
      destination:
        namespace: argocd
        server: https://kubernetes.default.svc
      project: default
      source:
        chart: pgo
        helm:
          releaseName: postgres-operator
          valuesObject:
            disableAutofail: false
            instances:
              - name: pgo
                replicas: 1
        repoURL: ghcr.io/neuro-inc/app-crunchy-postgres
        targetRevision: 5.8.3
      syncPolicy:
        automated:
          enabled: true
          prune: false
          selfHeal: false
        managedNamespaceMetadata:
          annotations:
            argocd.argoproj.io/sync-options: Delete=false
        syncOptions:
          - CreateNamespace=true
          - PrunePropagationPolicy=foreground
