should match snapshot:
  1: |
    apiVersion: argoproj.io/v1alpha1
    kind: Application
    metadata:
      labels:
        app: platform
        chart: platform-1.0.0
        heritage: Helm
        release: platform
      name: test-cluster--postgres-operator
    spec:
      destination:
        namespace: platform
        server: https://kubernetes.default.svc
      project: default
      source:
        chart: pgo
        helm:
          releaseName: postgres-operator
          valuesObject:
            debug: false
            disableAutofail: false
            instances:
              - name: pgo
                replicas: 1
            relatedImages:
              pgbackrest:
                image: registry.developers.crunchydata.com/crunchydata/crunchy-pgbackrest:ubi9-2.56.0-2547
              pgbouncer:
                image: registry.developers.crunchydata.com/crunchydata/crunchy-pgbouncer:ubi9-1.24-2547
              pgexporter:
                image: registry.developers.crunchydata.com/crunchydata/crunchy-postgres-exporter:ubi9-0.18.1-2547
              postgres_16:
                image: registry.developers.crunchydata.com/crunchydata/crunchy-postgres:ubi9-16.11-2547
        repoURL: registry.developers.crunchydata.com/crunchydata
        targetRevision: 5.8.5
      syncPolicy:
        automated:
          prune: false
          selfHeal: false
        managedNamespaceMetadata:
          annotations:
            argocd.argoproj.io/sync-options: Delete=false
        syncOptions:
          - CreateNamespace=true
          - PrunePropagationPolicy=foreground
          - ServerSideApply=true
