should match snapshot:
  1: |
    apiVersion: argoproj.io/v1alpha1
    kind: Application
    metadata:
      labels:
        app: platform
        chart: platform-1.0.0
        heritage: Helm
        release: platform
      name: test-cluster--spark-operator
    spec:
      destination:
        namespace: platform
        server: https://kubernetes.default.svc
      project: default
      source:
        chart: spark-operator
        helm:
          releaseName: spark-operator
          valuesObject:
            replicas: 1
            spark:
              jobNamespaces: null
        repoURL: https://kubeflow.github.io/spark-operator
        targetRevision: 2.1.0
      syncPolicy:
        automated:
          enabled: true
          prune: false
          selfHeal: false
        managedNamespaceMetadata:
          annotations:
            argocd.argoproj.io/sync-options: Delete=false
        syncOptions:
          - CreateNamespace=true
          - PrunePropagationPolicy=foreground
