renders matching persistent volume claims:
  1: |
    apiVersion: v1
    kind: PersistentVolumeClaim
    metadata:
      labels:
        app: platform-volumes
        chart: platform-volumes-1.0.0
        heritage: Helm
        release: platform
      name: platform-storage-data
    spec:
      accessModes:
        - ReadWriteMany
      resources:
        requests:
          storage: 100Gi
      storageClassName: ""
      volumeMode: Filesystem
      volumeName: platform-storage-data
  2: |
    apiVersion: v1
    kind: PersistentVolumeClaim
    metadata:
      labels:
        app: platform-volumes
        chart: platform-volumes-1.0.0
        heritage: Helm
        release: platform
      name: platform-storage-smb
    spec:
      accessModes:
        - ReadWriteMany
      resources:
        requests:
          storage: 200Gi
      storageClassName: smb-sc
      volumeMode: Filesystem
      volumeName: platform-storage-smb
  3: |
    apiVersion: v1
    kind: PersistentVolumeClaim
    metadata:
      labels:
        app: platform-volumes
        chart: platform-volumes-1.0.0
        heritage: Helm
        release: platform
      name: platform-storage-azure
    spec:
      accessModes:
        - ReadWriteMany
      resources:
        requests:
          storage: 50Gi
      storageClassName: azure-files
      volumeMode: Filesystem
      volumeName: platform-storage-azure
