exposes configured CORS origins:
  1: |
    apiVersion: traefik.io/v1alpha1
    kind: Middleware
    metadata:
      labels:
        app: platform-ingress
        chart: platform-ingress-1.0.0
        heritage: Helm
        release: ingress
        service: traefik
      name: ingress-cors
    spec:
      headers:
        accessControlAllowCredentials: true
        accessControlAllowHeaders:
          - authorization
          - accept
          - accept-language
          - content-language
          - upgrade
          - connection
          - sec-websocket-accept
          - sec-websocket-protocol
          - sec-websocket-version
          - sec-websocket-extensions
          - sec-websocket-key
          - sec-websocket-key1
          - last-event-id
          - content-type
          - x-requested-with
          - x-amz-content-sha256
          - x-amz-security-token
          - x-amz-date
          - x-amz-user-agent
          - amz-sdk-invocation-id
          - amz-sdk-request
        accessControlAllowMethods:
          - GET
          - POST
          - PUT
          - PATCH
          - DELETE
          - HEAD
          - OPTIONS
        accessControlAllowOriginList:
          - https://example.com
        accessControlAllowOriginListRegex:
          - https:\/\/[a-zA-Z0-9_-]+\.jobs\.test-cluster\.org\.apolo\.us
          - https:\/\/[a-zA-Z0-9_-]+\.apps\.test-cluster\.org\.apolo\.us
          - https://.*\\.example\\.com
        accessControlMaxAge: 100
        addVaryHeader: true
