should match snapshot:
  1: |
    apiVersion: external-secrets.io/v1
    kind: ClusterSecretStore
    metadata:
      annotations:
        argocd.argoproj.io/sync-wave: "-1"
      labels:
        app: platform-external-secrets
        chart: platform-external-secrets-1.0.0
        heritage: Helm
        release: platform-external-secrets
      name: platform-external-secrets-vault
    spec:
      provider:
        vault:
          auth:
            mountPath: default--jwt
            role: default--platform
          path: default--kv-v2
          server: https://vault.apolo.us
          version: v2
