should render external secrets:
  1: |
    apiVersion: external-secrets.io/v1
    kind: ExternalSecret
    metadata:
      labels:
        app: platform-external-secrets
        chart: platform-external-secrets-1.0.0
        heritage: Helm
        release: platform-external-secrets
      name: platform-secrets
    spec:
      data:
        - remoteRef:
            key: clusters/test-cluster/platform
            property: token
          secretKey: platform-token
      refreshInterval: 1h
      secretStoreRef:
        kind: ClusterSecretStore
        name: platform-external-secrets-vault
  2: |
    apiVersion: external-secrets.io/v1
    kind: ExternalSecret
    metadata:
      labels:
        app: platform-external-secrets
        chart: platform-external-secrets-1.0.0
        heritage: Helm
        release: platform-external-secrets
      name: registry-credentials
    spec:
      dataFrom:
        - extract:
            key: clusters/test-cluster/registry
      refreshInterval: 15s
      secretStoreRef:
        kind: ClusterSecretStore
        name: platform-external-secrets-vault
